[0.000000] (-) TimerEvent: {}
[0.001182] (mypkg) JobQueued: {'identifier': 'mypkg', 'dependencies': OrderedDict()}
[0.001640] (person_msgs) JobQueued: {'identifier': 'person_msgs', 'dependencies': OrderedDict()}
[0.001690] (mypkg) JobStarted: {'identifier': 'mypkg'}
[0.012270] (person_msgs) JobStarted: {'identifier': 'person_msgs'}
[0.099761] (-) TimerEvent: {}
[0.200044] (-) TimerEvent: {}
[0.220099] (person_msgs) JobProgress: {'identifier': 'person_msgs', 'progress': 'cmake'}
[0.223024] (person_msgs) Command: {'cmd': ['/usr/bin/cmake', '/home/dynepanch/ros2_ws3/ros2_ws/person_msgs', '-DCMAKE_INSTALL_PREFIX=/home/dynepanch/ros2_ws3/ros2_ws/install/person_msgs'], 'cwd': '/home/dynepanch/ros2_ws3/ros2_ws/build/person_msgs', 'env': OrderedDict([('LESSOPEN', '| /usr/bin/lesspipe %s'), ('USER', 'dynepanch'), ('SHLVL', '1'), ('LD_LIBRARY_PATH', '/opt/ros/humble/opt/rviz_ogre_vendor/lib:/opt/ros/humble/lib/x86_64-linux-gnu:/opt/ros/humble/lib'), ('MOTD_SHOWN', 'update-motd'), ('HOME', '/home/dynepanch'), ('OLDPWD', '/home/dynepanch/ros2_ws3/ros2_ws/person_msgs'), ('ROS_PYTHON_VERSION', '3'), ('WSL_DISTRO_NAME', 'Ubuntu-22.04'), ('COLCON_PREFIX_PATH', '/home/dynepanch/ros2_ws3/ros2_ws/install'), ('ROS_DISTRO', 'humble'), ('LOGNAME', 'dynepanch'), ('NAME', 'DESKTOP-NA5BOEE'), ('WSL_INTEROP', '/run/WSL/10_interop'), ('_', '/usr/bin/colcon'), ('ROS_VERSION', '2'), ('TERM', 'xterm-256color'), ('ROS_LOCALHOST_ONLY', '0'), ('PATH', '/opt/ros/humble/bin:/usr/local/sbin:/usr/local/bin:/usr/sbin:/usr/bin:/sbin:/bin:/usr/games:/usr/local/games:/usr/lib/wsl/lib:/mnt/c/Program Files (x86)/Common Files/Oracle/Java/javapath:/mnt/c/Windows/system32:/mnt/c/Windows:/mnt/c/Windows/System32/Wbem:/mnt/c/Windows/System32/WindowsPowerShell/v1.0/:/mnt/c/Windows/System32/OpenSSH/:/mnt/c/Program Files (x86)/NVIDIA Corporation/PhysX/Common:/mnt/c/Program Files/NVIDIA Corporation/NVIDIA NvDLISR:/mnt/c/Program Files/Microsoft SQL Server/120/Tools/Binn/:/mnt/c/WINDOWS/system32:/mnt/c/WINDOWS:/mnt/c/WINDOWS/System32/Wbem:/mnt/c/WINDOWS/System32/WindowsPowerShell/v1.0/:/mnt/c/WINDOWS/System32/OpenSSH/:/mnt/c/Program Files/dotnet/:/mnt/d/r2021b/runtime/win64:/mnt/d/r2021b/bin:/mnt/c/Users/right/AppData/Local/Microsoft/WindowsApps:/mnt/d/Microsoft VS Code/bin:/mnt/d/texlive/2022/bin/win32:/snap/bin'), ('LANG', 'ja_JP.UTF-8'), ('LS_COLORS', 'rs=0:di=01;34:ln=01;36:mh=00:pi=40;33:so=01;35:do=01;35:bd=40;33;01:cd=40;33;01:or=40;31;01:mi=00:su=37;41:sg=30;43:ca=30;41:tw=30;42:ow=34;42:st=37;44:ex=01;32:*.tar=01;31:*.tgz=01;31:*.arc=01;31:*.arj=01;31:*.taz=01;31:*.lha=01;31:*.lz4=01;31:*.lzh=01;31:*.lzma=01;31:*.tlz=01;31:*.txz=01;31:*.tzo=01;31:*.t7z=01;31:*.zip=01;31:*.z=01;31:*.dz=01;31:*.gz=01;31:*.lrz=01;31:*.lz=01;31:*.lzo=01;31:*.xz=01;31:*.zst=01;31:*.tzst=01;31:*.bz2=01;31:*.bz=01;31:*.tbz=01;31:*.tbz2=01;31:*.tz=01;31:*.deb=01;31:*.rpm=01;31:*.jar=01;31:*.war=01;31:*.ear=01;31:*.sar=01;31:*.rar=01;31:*.alz=01;31:*.ace=01;31:*.zoo=01;31:*.cpio=01;31:*.7z=01;31:*.rz=01;31:*.cab=01;31:*.wim=01;31:*.swm=01;31:*.dwm=01;31:*.esd=01;31:*.jpg=01;35:*.jpeg=01;35:*.mjpg=01;35:*.mjpeg=01;35:*.gif=01;35:*.bmp=01;35:*.pbm=01;35:*.pgm=01;35:*.ppm=01;35:*.tga=01;35:*.xbm=01;35:*.xpm=01;35:*.tif=01;35:*.tiff=01;35:*.png=01;35:*.svg=01;35:*.svgz=01;35:*.mng=01;35:*.pcx=01;35:*.mov=01;35:*.mpg=01;35:*.mpeg=01;35:*.m2v=01;35:*.mkv=01;35:*.webm=01;35:*.webp=01;35:*.ogm=01;35:*.mp4=01;35:*.m4v=01;35:*.mp4v=01;35:*.vob=01;35:*.qt=01;35:*.nuv=01;35:*.wmv=01;35:*.asf=01;35:*.rm=01;35:*.rmvb=01;35:*.flc=01;35:*.avi=01;35:*.fli=01;35:*.flv=01;35:*.gl=01;35:*.dl=01;35:*.xcf=01;35:*.xwd=01;35:*.yuv=01;35:*.cgm=01;35:*.emf=01;35:*.ogv=01;35:*.ogx=01;35:*.aac=00;36:*.au=00;36:*.flac=00;36:*.m4a=00;36:*.mid=00;36:*.midi=00;36:*.mka=00;36:*.mp3=00;36:*.mpc=00;36:*.ogg=00;36:*.ra=00;36:*.wav=00;36:*.oga=00;36:*.opus=00;36:*.spx=00;36:*.xspf=00;36:'), ('AMENT_PREFIX_PATH', '/home/dynepanch/ros2_ws3/ros2_ws/install/mypkg:/opt/ros/humble'), ('SHELL', '/bin/bash'), ('LESSCLOSE', '/usr/bin/lesspipe %s %s'), ('PWD', '/home/dynepanch/ros2_ws3/ros2_ws/build/person_msgs'), ('XDG_DATA_DIRS', '/usr/local/share:/usr/share:/var/lib/snapd/desktop'), ('PYTHONPATH', '/home/dynepanch/ros2_ws3/ros2_ws/install/mypkg/lib/python3.10/site-packages:/opt/ros/humble/lib/python3.10/site-packages:/opt/ros/humble/local/lib/python3.10/dist-packages'), ('COLCON', '1'), ('HOSTTYPE', 'x86_64'), ('WSLENV', '')]), 'shell': False}
[0.232814] (person_msgs) StdoutLine: {'line': b'-- Found ament_cmake: 1.3.2 (/opt/ros/humble/share/ament_cmake/cmake)\n'}
[0.300156] (-) TimerEvent: {}
[0.356776] (person_msgs) StdoutLine: {'line': b'-- Found rosidl_default_generators: 1.2.0 (/opt/ros/humble/share/rosidl_default_generators/cmake)\n'}
[0.358070] (person_msgs) StdoutLine: {'line': b'-- Using all available rosidl_typesupport_c: rosidl_typesupport_fastrtps_c;rosidl_typesupport_introspection_c\n'}
[0.361683] (person_msgs) StdoutLine: {'line': b'-- Found rosidl_adapter: 3.1.3 (/opt/ros/humble/share/rosidl_adapter/cmake)\n'}
[0.400274] (-) TimerEvent: {}
[0.500547] (person_msgs) StdoutLine: {'line': b'-- Using all available rosidl_typesupport_cpp: rosidl_typesupport_fastrtps_cpp;rosidl_typesupport_introspection_cpp\n'}
[0.500713] (-) TimerEvent: {}
[0.510895] (mypkg) Command: {'cmd': ['/usr/bin/python3', 'setup.py', 'egg_info', '--egg-base', '../../build/mypkg', 'build', '--build-base', '/home/dynepanch/ros2_ws3/ros2_ws/build/mypkg/build', 'install', '--prefix', '/home/dynepanch/ros2_ws3/ros2_ws/install/mypkg', '--record', '/home/dynepanch/ros2_ws3/ros2_ws/build/mypkg/install.log', '--single-version-externally-managed'], 'cwd': '/home/dynepanch/ros2_ws3/ros2_ws/src/mypkg', 'env': {'LESSOPEN': '| /usr/bin/lesspipe %s', 'USER': 'dynepanch', 'SHLVL': '1', 'LD_LIBRARY_PATH': '/opt/ros/humble/opt/rviz_ogre_vendor/lib:/opt/ros/humble/lib/x86_64-linux-gnu:/opt/ros/humble/lib', 'MOTD_SHOWN': 'update-motd', 'HOME': '/home/dynepanch', 'OLDPWD': '/home/dynepanch/ros2_ws3/ros2_ws/person_msgs', 'ROS_PYTHON_VERSION': '3', 'WSL_DISTRO_NAME': 'Ubuntu-22.04', 'COLCON_PREFIX_PATH': '/home/dynepanch/ros2_ws3/ros2_ws/install', 'ROS_DISTRO': 'humble', 'LOGNAME': 'dynepanch', 'NAME': 'DESKTOP-NA5BOEE', 'WSL_INTEROP': '/run/WSL/10_interop', '_': '/usr/bin/colcon', 'ROS_VERSION': '2', 'TERM': 'xterm-256color', 'ROS_LOCALHOST_ONLY': '0', 'PATH': '/opt/ros/humble/bin:/usr/local/sbin:/usr/local/bin:/usr/sbin:/usr/bin:/sbin:/bin:/usr/games:/usr/local/games:/usr/lib/wsl/lib:/mnt/c/Program Files (x86)/Common Files/Oracle/Java/javapath:/mnt/c/Windows/system32:/mnt/c/Windows:/mnt/c/Windows/System32/Wbem:/mnt/c/Windows/System32/WindowsPowerShell/v1.0/:/mnt/c/Windows/System32/OpenSSH/:/mnt/c/Program Files (x86)/NVIDIA Corporation/PhysX/Common:/mnt/c/Program Files/NVIDIA Corporation/NVIDIA NvDLISR:/mnt/c/Program Files/Microsoft SQL Server/120/Tools/Binn/:/mnt/c/WINDOWS/system32:/mnt/c/WINDOWS:/mnt/c/WINDOWS/System32/Wbem:/mnt/c/WINDOWS/System32/WindowsPowerShell/v1.0/:/mnt/c/WINDOWS/System32/OpenSSH/:/mnt/c/Program Files/dotnet/:/mnt/d/r2021b/runtime/win64:/mnt/d/r2021b/bin:/mnt/c/Users/right/AppData/Local/Microsoft/WindowsApps:/mnt/d/Microsoft VS Code/bin:/mnt/d/texlive/2022/bin/win32:/snap/bin', 'LANG': 'ja_JP.UTF-8', 'LS_COLORS': 'rs=0:di=01;34:ln=01;36:mh=00:pi=40;33:so=01;35:do=01;35:bd=40;33;01:cd=40;33;01:or=40;31;01:mi=00:su=37;41:sg=30;43:ca=30;41:tw=30;42:ow=34;42:st=37;44:ex=01;32:*.tar=01;31:*.tgz=01;31:*.arc=01;31:*.arj=01;31:*.taz=01;31:*.lha=01;31:*.lz4=01;31:*.lzh=01;31:*.lzma=01;31:*.tlz=01;31:*.txz=01;31:*.tzo=01;31:*.t7z=01;31:*.zip=01;31:*.z=01;31:*.dz=01;31:*.gz=01;31:*.lrz=01;31:*.lz=01;31:*.lzo=01;31:*.xz=01;31:*.zst=01;31:*.tzst=01;31:*.bz2=01;31:*.bz=01;31:*.tbz=01;31:*.tbz2=01;31:*.tz=01;31:*.deb=01;31:*.rpm=01;31:*.jar=01;31:*.war=01;31:*.ear=01;31:*.sar=01;31:*.rar=01;31:*.alz=01;31:*.ace=01;31:*.zoo=01;31:*.cpio=01;31:*.7z=01;31:*.rz=01;31:*.cab=01;31:*.wim=01;31:*.swm=01;31:*.dwm=01;31:*.esd=01;31:*.jpg=01;35:*.jpeg=01;35:*.mjpg=01;35:*.mjpeg=01;35:*.gif=01;35:*.bmp=01;35:*.pbm=01;35:*.pgm=01;35:*.ppm=01;35:*.tga=01;35:*.xbm=01;35:*.xpm=01;35:*.tif=01;35:*.tiff=01;35:*.png=01;35:*.svg=01;35:*.svgz=01;35:*.mng=01;35:*.pcx=01;35:*.mov=01;35:*.mpg=01;35:*.mpeg=01;35:*.m2v=01;35:*.mkv=01;35:*.webm=01;35:*.webp=01;35:*.ogm=01;35:*.mp4=01;35:*.m4v=01;35:*.mp4v=01;35:*.vob=01;35:*.qt=01;35:*.nuv=01;35:*.wmv=01;35:*.asf=01;35:*.rm=01;35:*.rmvb=01;35:*.flc=01;35:*.avi=01;35:*.fli=01;35:*.flv=01;35:*.gl=01;35:*.dl=01;35:*.xcf=01;35:*.xwd=01;35:*.yuv=01;35:*.cgm=01;35:*.emf=01;35:*.ogv=01;35:*.ogx=01;35:*.aac=00;36:*.au=00;36:*.flac=00;36:*.m4a=00;36:*.mid=00;36:*.midi=00;36:*.mka=00;36:*.mp3=00;36:*.mpc=00;36:*.ogg=00;36:*.ra=00;36:*.wav=00;36:*.oga=00;36:*.opus=00;36:*.spx=00;36:*.xspf=00;36:', 'AMENT_PREFIX_PATH': '/home/dynepanch/ros2_ws3/ros2_ws/install/mypkg:/opt/ros/humble', 'SHELL': '/bin/bash', 'LESSCLOSE': '/usr/bin/lesspipe %s %s', 'PWD': '/home/dynepanch/ros2_ws3/ros2_ws/build/mypkg', 'XDG_DATA_DIRS': '/usr/local/share:/usr/share:/var/lib/snapd/desktop', 'PYTHONPATH': '/home/dynepanch/ros2_ws3/ros2_ws/install/mypkg/lib/python3.10/site-packages:/home/dynepanch/ros2_ws3/ros2_ws/install/mypkg/lib/python3.10/site-packages:/opt/ros/humble/lib/python3.10/site-packages:/opt/ros/humble/local/lib/python3.10/dist-packages', 'COLCON': '1', 'HOSTTYPE': 'x86_64', 'WSLENV': ''}, 'shell': False}
[0.600844] (-) TimerEvent: {}
[0.669544] (person_msgs) StderrLine: {'line': b"Error parsing '/home/dynepanch/ros2_ws3/ros2_ws/person_msgs/package.xml':\n"}
[0.700989] (-) TimerEvent: {}
[0.719254] (mypkg) StdoutLine: {'line': b'running egg_info\n'}
[0.719923] (mypkg) StdoutLine: {'line': b'writing ../../build/mypkg/mypkg.egg-info/PKG-INFO\n'}
[0.720266] (mypkg) StdoutLine: {'line': b'writing dependency_links to ../../build/mypkg/mypkg.egg-info/dependency_links.txt\n'}
[0.720470] (mypkg) StdoutLine: {'line': b'writing entry points to ../../build/mypkg/mypkg.egg-info/entry_points.txt\n'}
[0.720823] (mypkg) StdoutLine: {'line': b'writing requirements to ../../build/mypkg/mypkg.egg-info/requires.txt\n'}
[0.720913] (mypkg) StdoutLine: {'line': b'writing top-level names to ../../build/mypkg/mypkg.egg-info/top_level.txt\n'}
[0.722389] (person_msgs) StderrLine: {'line': b'Traceback (most recent call last):\n'}
[0.722614] (person_msgs) StderrLine: {'line': b'  File "/usr/lib/python3/dist-packages/catkin_pkg/package.py", line 610, in parse_package_string\n'}
[0.722828] (mypkg) StdoutLine: {'line': b"reading manifest file '../../build/mypkg/mypkg.egg-info/SOURCES.txt'\n"}
[0.723297] (person_msgs) StderrLine: {'line': b'    root = dom.parseString(data)\n'}
[0.723413] (person_msgs) StderrLine: {'line': b'  File "/usr/lib/python3.10/xml/dom/minidom.py", line 1998, in parseString\n'}
[0.723762] (mypkg) StdoutLine: {'line': b"writing manifest file '../../build/mypkg/mypkg.egg-info/SOURCES.txt'\n"}
[0.723902] (mypkg) StdoutLine: {'line': b'running build\n'}
[0.724067] (mypkg) StdoutLine: {'line': b'running build_py\n'}
[0.724209] (mypkg) StdoutLine: {'line': b'running install\n'}
[0.724554] (mypkg) StderrLine: {'line': b'/usr/lib/python3/dist-packages/setuptools/command/install.py:34: SetuptoolsDeprecationWarning: setup.py install is deprecated. Use build and pip and other standards-based tools.\n'}
[0.724718] (mypkg) StderrLine: {'line': b'  warnings.warn(\n'}
[0.724785] (person_msgs) StderrLine: {'line': b'    return expatbuilder.parseString(string)\n'}
[0.724871] (person_msgs) StderrLine: {'line': b'  File "/usr/lib/python3.10/xml/dom/expatbuilder.py", line 925, in parseString\n'}
[0.724959] (mypkg) StdoutLine: {'line': b'running install_lib\n'}
[0.725492] (person_msgs) StderrLine: {'line': b'    return builder.parseString(string)\n'}
[0.725699] (person_msgs) StderrLine: {'line': b'  File "/usr/lib/python3.10/xml/dom/expatbuilder.py", line 223, in parseString\n'}
[0.726231] (person_msgs) StderrLine: {'line': b'    parser.Parse(string, True)\n'}
[0.726320] (person_msgs) StderrLine: {'line': b'xml.parsers.expat.ExpatError: mismatched tag: line 12, column 47\n'}
[0.726431] (person_msgs) StderrLine: {'line': b'\n'}
[0.726499] (person_msgs) StderrLine: {'line': b'During handling of the above exception, another exception occurred:\n'}
[0.726568] (person_msgs) StderrLine: {'line': b'\n'}
[0.726701] (person_msgs) StderrLine: {'line': b'Traceback (most recent call last):\n'}
[0.726786] (person_msgs) StderrLine: {'line': b'  File "/opt/ros/humble/share/ament_cmake_core/cmake/core/package_xml_2_cmake.py", line 150, in <module>\n'}
[0.726837] (person_msgs) StderrLine: {'line': b'    main()\n'}
[0.726886] (person_msgs) StderrLine: {'line': b'  File "/opt/ros/humble/share/ament_cmake_core/cmake/core/package_xml_2_cmake.py", line 53, in main\n'}
[0.727034] (person_msgs) StderrLine: {'line': b'    raise e\n'}
[0.727116] (person_msgs) StderrLine: {'line': b'  File "/opt/ros/humble/share/ament_cmake_core/cmake/core/package_xml_2_cmake.py", line 49, in main\n'}
[0.727217] (person_msgs) StderrLine: {'line': b'    package = parse_package_string(\n'}
[0.727340] (person_msgs) StderrLine: {'line': b'  File "/usr/lib/python3/dist-packages/catkin_pkg/package.py", line 612, in parse_package_string\n'}
[0.727396] (person_msgs) StderrLine: {'line': b"    raise InvalidPackage('The manifest contains invalid XML:\\n%s' % ex, filename)\n"}
[0.727512] (person_msgs) StderrLine: {'line': b"catkin_pkg.package.InvalidPackage: Error(s) in package '/home/dynepanch/ros2_ws3/ros2_ws/person_msgs/package.xml':\n"}
[0.727576] (person_msgs) StderrLine: {'line': b'The manifest contains invalid XML:\n'}
[0.727624] (person_msgs) StderrLine: {'line': b'mismatched tag: line 12, column 47\n'}
[0.727762] (mypkg) StdoutLine: {'line': b'running install_data\n'}
[0.727963] (mypkg) StdoutLine: {'line': b'running install_egg_info\n'}
[0.729784] (mypkg) StdoutLine: {'line': b"removing '/home/dynepanch/ros2_ws3/ros2_ws/install/mypkg/lib/python3.10/site-packages/mypkg-0.0.0-py3.10.egg-info' (and everything under it)\n"}
[0.730096] (mypkg) StdoutLine: {'line': b'Copying ../../build/mypkg/mypkg.egg-info to /home/dynepanch/ros2_ws3/ros2_ws/install/mypkg/lib/python3.10/site-packages/mypkg-0.0.0-py3.10.egg-info\n'}
[0.730838] (mypkg) StdoutLine: {'line': b'running install_scripts\n'}
[0.747354] (person_msgs) StderrLine: {'line': b'\x1b[31mCMake Error at /opt/ros/humble/share/ament_cmake_core/cmake/core/ament_package_xml.cmake:95 (message):\n'}
[0.747599] (person_msgs) StderrLine: {'line': b'  execute_process(/usr/bin/python3.10\n'}
[0.747839] (person_msgs) StderrLine: {'line': b'  /opt/ros/humble/share/ament_cmake_core/cmake/core/package_xml_2_cmake.py\n'}
[0.747913] (person_msgs) StderrLine: {'line': b'  /home/dynepanch/ros2_ws3/ros2_ws/person_msgs/package.xml\n'}
[0.747984] (person_msgs) StderrLine: {'line': b'  /home/dynepanch/ros2_ws3/ros2_ws/build/person_msgs/ament_cmake_core/package.cmake)\n'}
[0.748040] (person_msgs) StderrLine: {'line': b'  returned error code 1\n'}
[0.748143] (person_msgs) StderrLine: {'line': b'Call Stack (most recent call first):\n'}
[0.748201] (person_msgs) StderrLine: {'line': b'  /opt/ros/humble/share/ament_cmake_core/cmake/core/ament_package_xml.cmake:49 (_ament_package_xml)\n'}
[0.748252] (person_msgs) StderrLine: {'line': b'  /opt/ros/humble/share/rosidl_cmake/cmake/rosidl_generate_interfaces.cmake:226 (ament_package_xml)\n'}
[0.748341] (person_msgs) StderrLine: {'line': b'  CMakeLists.txt:12 (rosidl_generate_interfaces)\n'}
[0.748410] (person_msgs) StderrLine: {'line': b'\n'}
[0.748518] (person_msgs) StderrLine: {'line': b'\x1b[0m\n'}
[0.748574] (person_msgs) StdoutLine: {'line': b'-- Configuring incomplete, errors occurred!\n'}
[0.748663] (person_msgs) StdoutLine: {'line': b'See also "/home/dynepanch/ros2_ws3/ros2_ws/build/person_msgs/CMakeFiles/CMakeOutput.log".\n'}
[0.752599] (mypkg) StdoutLine: {'line': b'Installing listener script to /home/dynepanch/ros2_ws3/ros2_ws/install/mypkg/lib/mypkg\n'}
[0.752943] (mypkg) StdoutLine: {'line': b'Installing talker script to /home/dynepanch/ros2_ws3/ros2_ws/install/mypkg/lib/mypkg\n'}
[0.753156] (mypkg) StdoutLine: {'line': b"writing list of installed files to '/home/dynepanch/ros2_ws3/ros2_ws/build/mypkg/install.log'\n"}
[0.754344] (person_msgs) CommandEnded: {'returncode': 1}
[0.755265] (person_msgs) JobEnded: {'identifier': 'person_msgs', 'rc': 1}
[0.781509] (mypkg) JobEnded: {'identifier': 'mypkg', 'rc': 'SIGINT'}
[0.792258] (-) EventReactorShutdown: {}
