[0.211s] Invoking command in '/home/dynepanch/ros2_ws3/ros2_ws/build/person_msgs': /usr/bin/cmake /home/dynepanch/ros2_ws3/ros2_ws/person_msgs -DCMAKE_INSTALL_PREFIX=/home/dynepanch/ros2_ws3/ros2_ws/install/person_msgs
[0.218s] -- Found ament_cmake: 1.3.2 (/opt/ros/humble/share/ament_cmake/cmake)
[0.332s] -- Found rosidl_default_generators: 1.2.0 (/opt/ros/humble/share/rosidl_default_generators/cmake)
[0.334s] -- Using all available rosidl_typesupport_c: rosidl_typesupport_fastrtps_c;rosidl_typesupport_introspection_c
[0.337s] -- Found rosidl_adapter: 3.1.3 (/opt/ros/humble/share/rosidl_adapter/cmake)
[0.462s] -- Using all available rosidl_typesupport_cpp: rosidl_typesupport_fastrtps_cpp;rosidl_typesupport_introspection_cpp
[0.617s] Error parsing '/home/dynepanch/ros2_ws3/ros2_ws/person_msgs/package.xml':
[0.654s] Traceback (most recent call last):
[0.654s]   File "/usr/lib/python3/dist-packages/catkin_pkg/package.py", line 610, in parse_package_string
[0.655s]     root = dom.parseString(data)
[0.655s]   File "/usr/lib/python3.10/xml/dom/minidom.py", line 1998, in parseString
[0.655s]     return expatbuilder.parseString(string)
[0.655s]   File "/usr/lib/python3.10/xml/dom/expatbuilder.py", line 925, in parseString
[0.655s]     return builder.parseString(string)
[0.655s]   File "/usr/lib/python3.10/xml/dom/expatbuilder.py", line 223, in parseString
[0.655s]     parser.Parse(string, True)
[0.655s] xml.parsers.expat.ExpatError: mismatched tag: line 12, column 47
[0.655s] 
[0.655s] During handling of the above exception, another exception occurred:
[0.656s] 
[0.656s] Traceback (most recent call last):
[0.656s]   File "/opt/ros/humble/share/ament_cmake_core/cmake/core/package_xml_2_cmake.py", line 150, in <module>
[0.656s]     main()
[0.656s]   File "/opt/ros/humble/share/ament_cmake_core/cmake/core/package_xml_2_cmake.py", line 53, in main
[0.656s]     raise e
[0.656s]   File "/opt/ros/humble/share/ament_cmake_core/cmake/core/package_xml_2_cmake.py", line 49, in main
[0.656s]     package = parse_package_string(
[0.656s]   File "/usr/lib/python3/dist-packages/catkin_pkg/package.py", line 612, in parse_package_string
[0.656s]     raise InvalidPackage('The manifest contains invalid XML:\n%s' % ex, filename)
[0.656s] catkin_pkg.package.InvalidPackage: Error(s) in package '/home/dynepanch/ros2_ws3/ros2_ws/person_msgs/package.xml':
[0.656s] The manifest contains invalid XML:
[0.656s] mismatched tag: line 12, column 47
[0.668s] [31mCMake Error at /opt/ros/humble/share/ament_cmake_core/cmake/core/ament_package_xml.cmake:95 (message):
[0.668s]   execute_process(/usr/bin/python3.10
[0.668s]   /opt/ros/humble/share/ament_cmake_core/cmake/core/package_xml_2_cmake.py
[0.669s]   /home/dynepanch/ros2_ws3/ros2_ws/person_msgs/package.xml
[0.669s]   /home/dynepanch/ros2_ws3/ros2_ws/build/person_msgs/ament_cmake_core/package.cmake)
[0.669s]   returned error code 1
[0.669s] Call Stack (most recent call first):
[0.669s]   /opt/ros/humble/share/ament_cmake_core/cmake/core/ament_package_xml.cmake:49 (_ament_package_xml)
[0.669s]   /opt/ros/humble/share/rosidl_cmake/cmake/rosidl_generate_interfaces.cmake:226 (ament_package_xml)
[0.669s]   CMakeLists.txt:12 (rosidl_generate_interfaces)
[0.669s] 
[0.669s] [0m
[0.669s] -- Configuring incomplete, errors occurred!
[0.669s] See also "/home/dynepanch/ros2_ws3/ros2_ws/build/person_msgs/CMakeFiles/CMakeOutput.log".
[0.674s] Invoked command in '/home/dynepanch/ros2_ws3/ros2_ws/build/person_msgs' returned '1': /usr/bin/cmake /home/dynepanch/ros2_ws3/ros2_ws/person_msgs -DCMAKE_INSTALL_PREFIX=/home/dynepanch/ros2_ws3/ros2_ws/install/person_msgs
